127.0.0.1 - - [22/Sep/2015:09:52:33 -0400] "GET / HTTP/1.1" 404 962
0:0:0:0:0:0:0:1 - - [22/Sep/2015:09:53:23 -0400] "GET /test/test.html HTTP/1.1" 200 185
0:0:0:0:0:0:0:1 - - [22/Sep/2015:09:53:24 -0400] "GET /favicon.ico HTTP/1.1" 404 984
0:0:0:0:0:0:0:1 - - [22/Sep/2015:09:54:43 -0400] "GET / HTTP/1.1" 404 962
0:0:0:0:0:0:0:1 - - [22/Sep/2015:09:54:48 -0400] "GET /test/toto HTTP/1.1" 200 288
0:0:0:0:0:0:0:1 - - [22/Sep/2015:09:55:10 -0400] "GET /test/toto?auteur=%E2%99%A5 HTTP/1.1" 200 290
127.0.0.1 - - [22/Sep/2015:09:59:41 -0400] "GET / HTTP/1.1" 404 962
127.0.0.1 - - [22/Sep/2015:09:59:53 -0400] "GET / HTTP/1.1" 404 962
0:0:0:0:0:0:0:1 - - [22/Sep/2015:09:59:59 -0400] "GET /test/toto?auteur=%E2%99%A5 HTTP/1.1" 500 3391
0:0:0:0:0:0:0:1 - - [22/Sep/2015:10:00:05 -0400] "GET /test/toto HTTP/1.1" 404 960
127.0.0.1 - - [22/Sep/2015:10:01:38 -0400] "GET / HTTP/1.1" 404 962
127.0.0.1 - - [22/Sep/2015:10:02:22 -0400] "GET / HTTP/1.1" 404 962
0:0:0:0:0:0:0:1 - - [22/Sep/2015:10:02:25 -0400] "GET /test/toto HTTP/1.1" 404 980
0:0:0:0:0:0:0:1 - - [22/Sep/2015:10:02:31 -0400] "GET /test/Accueil HTTP/1.1" 500 3391
127.0.0.1 - - [22/Sep/2015:10:03:04 -0400] "GET / HTTP/1.1" 404 962
0:0:0:0:0:0:0:1 - - [22/Sep/2015:10:03:07 -0400] "GET /test/Accueil HTTP/1.1" 200 288
127.0.0.1 - - [22/Sep/2015:10:05:42 -0400] "GET / HTTP/1.1" 404 962
0:0:0:0:0:0:0:1 - - [22/Sep/2015:10:05:44 -0400] "GET /test/Accueil HTTP/1.1" 200 288
0:0:0:0:0:0:0:1 - - [22/Sep/2015:10:05:46 -0400] "GET /test/Accueil HTTP/1.1" 200 288
0:0:0:0:0:0:0:1 - - [22/Sep/2015:10:05:47 -0400] "GET /test/Accueil HTTP/1.1" 200 288
0:0:0:0:0:0:0:1 - - [22/Sep/2015:10:05:48 -0400] "GET /test/Accueil HTTP/1.1" 200 288
0:0:0:0:0:0:0:1 - - [22/Sep/2015:10:05:48 -0400] "GET /test/Accueil HTTP/1.1" 200 288
0:0:0:0:0:0:0:1 - - [22/Sep/2015:10:05:48 -0400] "GET /test/Accueil HTTP/1.1" 200 288
0:0:0:0:0:0:0:1 - - [22/Sep/2015:10:05:49 -0400] "GET /test/Accueil HTTP/1.1" 200 288
0:0:0:0:0:0:0:1 - - [22/Sep/2015:10:05:49 -0400] "GET /test/Accueil HTTP/1.1" 200 288
0:0:0:0:0:0:0:1 - - [22/Sep/2015:10:05:49 -0400] "GET /test/Accueil HTTP/1.1" 200 288
0:0:0:0:0:0:0:1 - - [22/Sep/2015:10:05:50 -0400] "GET /test/Accueil HTTP/1.1" 200 288
0:0:0:0:0:0:0:1 - - [22/Sep/2015:10:05:51 -0400] "GET /test/Accueil HTTP/1.1" 200 288
127.0.0.1 - - [22/Sep/2015:10:06:01 -0400] "GET / HTTP/1.1" 404 962
0:0:0:0:0:0:0:1 - - [22/Sep/2015:10:06:04 -0400] "GET /test/Accueil HTTP/1.1" 200 249
127.0.0.1 - - [22/Sep/2015:10:10:26 -0400] "GET / HTTP/1.1" 404 962
0:0:0:0:0:0:0:1 - - [22/Sep/2015:10:10:33 -0400] "GET /test/Accueil HTTP/1.1" 404 986
0:0:0:0:0:0:0:1 - - [22/Sep/2015:10:10:35 -0400] "GET /test/Accueil HTTP/1.1" 404 986
0:0:0:0:0:0:0:1 - - [22/Sep/2015:10:10:37 -0400] "GET /test/Accueil HTTP/1.1" 404 986
0:0:0:0:0:0:0:1 - - [22/Sep/2015:10:10:48 -0400] "GET /test/Accueil HTTP/1.1" 404 986
0:0:0:0:0:0:0:1 - - [22/Sep/2015:10:10:50 -0400] "GET /test/Accueil HTTP/1.1" 404 986
0:0:0:0:0:0:0:1 - - [22/Sep/2015:10:11:01 -0400] "GET /Accueil HTTP/1.1" 404 976
0:0:0:0:0:0:0:1 - - [22/Sep/2015:10:11:45 -0400] "GET /GestionnaireDeLivre/Accueil HTTP/1.1" 200 252
127.0.0.1 - - [22/Sep/2015:10:40:32 -0400] "GET / HTTP/1.1" 404 962
0:0:0:0:0:0:0:1 - - [22/Sep/2015:10:40:51 -0400] "GET /GestionnaireDeLivre/Accueil HTTP/1.1" 404 1016
0:0:0:0:0:0:0:1 - - [22/Sep/2015:10:40:58 -0400] "GET /Accueil HTTP/1.1" 404 976
127.0.0.1 - - [22/Sep/2015:10:41:47 -0400] "GET / HTTP/1.1" 404 962
0:0:0:0:0:0:0:1 - - [22/Sep/2015:10:41:51 -0400] "GET /GestionnaireDeLivre/Accueil HTTP/1.1" 500 252
0:0:0:0:0:0:0:1 - - [22/Sep/2015:10:41:58 -0400] "GET /GestionnaireDeLivre/AccueilC HTTP/1.1" 200 31
127.0.0.1 - - [22/Sep/2015:10:42:37 -0400] "GET / HTTP/1.1" 404 962
0:0:0:0:0:0:0:1 - - [22/Sep/2015:10:42:40 -0400] "GET /GestionnaireDeLivre/AccueilC HTTP/1.1" 200 31
127.0.0.1 - - [22/Sep/2015:10:53:20 -0400] "GET / HTTP/1.1" 404 962
0:0:0:0:0:0:0:1 - - [22/Sep/2015:10:53:26 -0400] "GET /GestionnaireDeLivre/AccueilC HTTP/1.1" 200 31
0:0:0:0:0:0:0:1 - - [22/Sep/2015:10:53:30 -0400] "GET /GestionnaireDeLivre/AccueilC HTTP/1.1" 200 31
0:0:0:0:0:0:0:1 - - [22/Sep/2015:10:53:40 -0400] "GET /GestionnaireDeLivre/AccueilC HTTP/1.1" 200 31
127.0.0.1 - - [22/Sep/2015:10:54:04 -0400] "GET / HTTP/1.1" 404 962
0:0:0:0:0:0:0:1 - - [22/Sep/2015:10:54:06 -0400] "GET /GestionnaireDeLivre/AccueilC HTTP/1.1" 200 31
0:0:0:0:0:0:0:1 - - [22/Sep/2015:10:54:07 -0400] "GET /GestionnaireDeLivre/AccueilC HTTP/1.1" 200 31
0:0:0:0:0:0:0:1 - - [22/Sep/2015:10:54:07 -0400] "GET /GestionnaireDeLivre/AccueilC HTTP/1.1" 200 31
0:0:0:0:0:0:0:1 - - [22/Sep/2015:10:54:07 -0400] "GET /GestionnaireDeLivre/AccueilC HTTP/1.1" 200 31
127.0.0.1 - - [22/Sep/2015:10:54:49 -0400] "GET / HTTP/1.1" 404 962
0:0:0:0:0:0:0:1 - - [22/Sep/2015:10:54:52 -0400] "GET /GestionnaireDeLivre/AccueilC HTTP/1.1" 200 31
0:0:0:0:0:0:0:1 - - [22/Sep/2015:10:54:53 -0400] "GET /GestionnaireDeLivre/AccueilC HTTP/1.1" 200 31
0:0:0:0:0:0:0:1 - - [22/Sep/2015:10:54:54 -0400] "GET /GestionnaireDeLivre/AccueilC HTTP/1.1" 200 31
0:0:0:0:0:0:0:1 - - [22/Sep/2015:10:54:58 -0400] "GET /GestionnaireDeLivre/AccueilC HTTP/1.1" 200 31
0:0:0:0:0:0:0:1 - - [22/Sep/2015:10:54:58 -0400] "GET /GestionnaireDeLivre/AccueilC HTTP/1.1" 200 31
0:0:0:0:0:0:0:1 - - [22/Sep/2015:10:54:59 -0400] "GET /GestionnaireDeLivre/AccueilC HTTP/1.1" 200 31
127.0.0.1 - - [22/Sep/2015:10:56:54 -0400] "GET / HTTP/1.1" 404 962
0:0:0:0:0:0:0:1 - - [22/Sep/2015:10:56:58 -0400] "GET /GestionnaireDeLivre/AccueilC HTTP/1.1" 200 346
127.0.0.1 - - [22/Sep/2015:10:57:47 -0400] "GET / HTTP/1.1" 404 962
0:0:0:0:0:0:0:1 - - [22/Sep/2015:10:57:51 -0400] "GET /GestionnaireDeLivre/AccueilC HTTP/1.1" 200 347
127.0.0.1 - - [22/Sep/2015:10:58:32 -0400] "GET / HTTP/1.1" 404 962
127.0.0.1 - - [22/Sep/2015:10:59:24 -0400] "GET / HTTP/1.1" 404 962
127.0.0.1 - - [22/Sep/2015:11:00:03 -0400] "GET / HTTP/1.1" 404 962
0:0:0:0:0:0:0:1 - - [22/Sep/2015:11:00:06 -0400] "GET /GestionnaireDeLivre/AccueilC HTTP/1.1" 200 313
0:0:0:0:0:0:0:1 - - [22/Sep/2015:11:00:08 -0400] "GET /CreationCompteEtudiant HTTP/1.1" 404 1006
127.0.0.1 - - [22/Sep/2015:11:01:03 -0400] "GET / HTTP/1.1" 404 962
0:0:0:0:0:0:0:1 - - [22/Sep/2015:11:01:12 -0400] "GET /CreationCompteEtudiant HTTP/1.1" 404 1006
0:0:0:0:0:0:0:1 - - [22/Sep/2015:11:01:34 -0400] "GET /GestionnaireDeLivre/AccueilC HTTP/1.1" 200 333
0:0:0:0:0:0:0:1 - - [22/Sep/2015:11:01:36 -0400] "GET /GestionnaireDeLivre/CreationCompteEtudiant HTTP/1.1" 200 31
127.0.0.1 - - [22/Sep/2015:11:08:33 -0400] "GET / HTTP/1.1" 404 962
0:0:0:0:0:0:0:1 - - [22/Sep/2015:11:08:39 -0400] "GET /GestionnaireDeLivre/CreationCompteEtudiant HTTP/1.1" 200 273
127.0.0.1 - - [22/Sep/2015:11:09:33 -0400] "GET / HTTP/1.1" 404 962
0:0:0:0:0:0:0:1 - - [22/Sep/2015:11:09:40 -0400] "GET /GestionnaireDeLivre/AccueilC HTTP/1.1" 200 424
0:0:0:0:0:0:0:1 - - [22/Sep/2015:11:09:42 -0400] "GET /GestionnaireDeLivre/CreationCompteGestionnaire HTTP/1.1" 200 277
0:0:0:0:0:0:0:1 - - [22/Sep/2015:11:09:44 -0400] "GET /GestionnaireDeLivre/CreationCompteEtudiant HTTP/1.1" 200 273
127.0.0.1 - - [22/Sep/2015:11:11:28 -0400] "GET / HTTP/1.1" 404 962
0:0:0:0:0:0:0:1 - - [22/Sep/2015:11:11:36 -0400] "GET /GestionnaireDeLivre/AccueilC HTTP/1.1" 200 327
0:0:0:0:0:0:0:1 - - [22/Sep/2015:11:12:31 -0400] "GET /GestionnaireDeLivre/AccueilC HTTP/1.1" 200 327
127.0.0.1 - - [22/Sep/2015:11:14:33 -0400] "GET / HTTP/1.1" 404 962
0:0:0:0:0:0:0:1 - - [22/Sep/2015:11:14:37 -0400] "GET /GestionnaireDeLivre/AccueilC HTTP/1.1" 500 3564
127.0.0.1 - - [22/Sep/2015:11:16:05 -0400] "GET / HTTP/1.1" 404 962
0:0:0:0:0:0:0:1 - - [22/Sep/2015:11:16:09 -0400] "GET /GestionnaireDeLivre/AccueilC HTTP/1.1" 200 550
127.0.0.1 - - [22/Sep/2015:11:17:20 -0400] "GET / HTTP/1.1" 404 962
0:0:0:0:0:0:0:1 - - [22/Sep/2015:11:17:24 -0400] "GET /GestionnaireDeLivre/AccueilC HTTP/1.1" 200 450
127.0.0.1 - - [22/Sep/2015:12:28:07 -0400] "GET / HTTP/1.1" 404 962
0:0:0:0:0:0:0:1 - - [22/Sep/2015:12:29:13 -0400] "GET /GestionnaireDeLivre/AccueilC HTTP/1.1" 200 450
0:0:0:0:0:0:0:1 - - [22/Sep/2015:12:29:15 -0400] "GET /GestionnaireDeLivre/CreationCompteEtudiant HTTP/1.1" 200 5489
0:0:0:0:0:0:0:1 - - [22/Sep/2015:12:29:15 -0400] "GET /GestionnaireDeLivre/css/demo.css HTTP/1.1" 404 1026
0:0:0:0:0:0:0:1 - - [22/Sep/2015:12:29:15 -0400] "GET /GestionnaireDeLivre/css/style.css HTTP/1.1" 404 1028
0:0:0:0:0:0:0:1 - - [22/Sep/2015:12:29:16 -0400] "GET /GestionnaireDeLivre/css/animate-custom.css HTTP/1.1" 404 1046
0:0:0:0:0:0:0:1 - - [22/Sep/2015:12:31:32 -0400] "GET /GestionnaireDeLivre/CreationCompteEtudiant HTTP/1.1" 404 1068
127.0.0.1 - - [22/Sep/2015:12:31:49 -0400] "GET / HTTP/1.1" 404 962
0:0:0:0:0:0:0:1 - - [22/Sep/2015:12:31:56 -0400] "GET /GestionnaireDeLivre/CreationCompteEtudiant HTTP/1.1" 200 5489
0:0:0:0:0:0:0:1 - - [22/Sep/2015:12:31:56 -0400] "GET /GestionnaireDeLivre/css/style.css HTTP/1.1" 404 1028
0:0:0:0:0:0:0:1 - - [22/Sep/2015:12:31:56 -0400] "GET /GestionnaireDeLivre/css/demo.css HTTP/1.1" 404 1026
0:0:0:0:0:0:0:1 - - [22/Sep/2015:12:31:56 -0400] "GET /GestionnaireDeLivre/css/animate-custom.css HTTP/1.1" 404 1046
127.0.0.1 - - [22/Sep/2015:12:33:42 -0400] "GET / HTTP/1.1" 404 962
0:0:0:0:0:0:0:1 - - [22/Sep/2015:12:33:48 -0400] "GET /GestionnaireDeLivre/CreationCompteEtudiant HTTP/1.1" 200 5501
0:0:0:0:0:0:0:1 - - [22/Sep/2015:12:33:48 -0400] "GET /GestionnaireDeLivre/css/style.css HTTP/1.1" 404 1028
0:0:0:0:0:0:0:1 - - [22/Sep/2015:12:33:48 -0400] "GET /GestionnaireDeLivre/css/animate-custom.css HTTP/1.1" 404 1046
0:0:0:0:0:0:0:1 - - [22/Sep/2015:12:33:48 -0400] "GET /GestionnaireDeLivre/css/demo.css HTTP/1.1" 404 1026
0:0:0:0:0:0:0:1 - - [22/Sep/2015:12:33:51 -0400] "GET /GestionnaireDeLivre/CreationCompteEtudiant HTTP/1.1" 304 -
0:0:0:0:0:0:0:1 - - [22/Sep/2015:12:33:52 -0400] "GET /GestionnaireDeLivre/css/demo.css HTTP/1.1" 404 1026
0:0:0:0:0:0:0:1 - - [22/Sep/2015:12:33:52 -0400] "GET /GestionnaireDeLivre/css/style.css HTTP/1.1" 404 1028
0:0:0:0:0:0:0:1 - - [22/Sep/2015:12:33:52 -0400] "GET /GestionnaireDeLivre/css/animate-custom.css HTTP/1.1" 404 1046
0:0:0:0:0:0:0:1 - - [22/Sep/2015:12:34:00 -0400] "GET /GestionnaireDeLivre/CreationCompteEtudiant HTTP/1.1" 304 -
0:0:0:0:0:0:0:1 - - [22/Sep/2015:12:34:00 -0400] "GET /GestionnaireDeLivre/css/demo.css HTTP/1.1" 404 1026
0:0:0:0:0:0:0:1 - - [22/Sep/2015:12:34:00 -0400] "GET /GestionnaireDeLivre/css/style.css HTTP/1.1" 404 1028
0:0:0:0:0:0:0:1 - - [22/Sep/2015:12:34:00 -0400] "GET /GestionnaireDeLivre/css/animate-custom.css HTTP/1.1" 404 1046
0:0:0:0:0:0:0:1 - - [22/Sep/2015:12:35:32 -0400] "GET /GestionnaireDeLivre/index.html HTTP/1.1" 404 1022
0:0:0:0:0:0:0:1 - - [22/Sep/2015:12:36:01 -0400] "GET /GestionnaireDeLivre/index.html HTTP/1.1" 200 5501
0:0:0:0:0:0:0:1 - - [22/Sep/2015:12:36:01 -0400] "GET /GestionnaireDeLivre/css/demo.css HTTP/1.1" 200 3608
0:0:0:0:0:0:0:1 - - [22/Sep/2015:12:36:01 -0400] "GET /GestionnaireDeLivre/css/style.css HTTP/1.1" 200 11411
0:0:0:0:0:0:0:1 - - [22/Sep/2015:12:36:01 -0400] "GET /GestionnaireDeLivre/css/animate-custom.css HTTP/1.1" 200 74079
0:0:0:0:0:0:0:1 - - [22/Sep/2015:12:36:01 -0400] "GET /GestionnaireDeLivre/images/bg.jpg HTTP/1.1" 200 18616
0:0:0:0:0:0:0:1 - - [22/Sep/2015:12:36:01 -0400] "GET /GestionnaireDeLivre/css/fonts/BebasNeue-webfont.woff HTTP/1.1" 200 11632
0:0:0:0:0:0:0:1 - - [22/Sep/2015:12:36:01 -0400] "GET /GestionnaireDeLivre/css/fonts/fontomas-webfont.woff HTTP/1.1" 200 2280
0:0:0:0:0:0:0:1 - - [22/Sep/2015:12:36:01 -0400] "GET /GestionnaireDeLivre/css/fonts/franchise-bold-webfont.woff HTTP/1.1" 200 14972
0:0:0:0:0:0:0:1 - - [22/Sep/2015:12:38:04 -0400] "GET /GestionnaireDeLivre/AccueilC HTTP/1.1" 200 450
0:0:0:0:0:0:0:1 - - [22/Sep/2015:12:38:06 -0400] "GET /GestionnaireDeLivre/CreationCompteEtudiant HTTP/1.1" 304 -
0:0:0:0:0:0:0:1 - - [22/Sep/2015:12:38:06 -0400] "GET /GestionnaireDeLivre/css/animate-custom.css HTTP/1.1" 304 -
0:0:0:0:0:0:0:1 - - [22/Sep/2015:12:38:06 -0400] "GET /GestionnaireDeLivre/css/demo.css HTTP/1.1" 304 -
0:0:0:0:0:0:0:1 - - [22/Sep/2015:12:38:06 -0400] "GET /GestionnaireDeLivre/css/style.css HTTP/1.1" 304 -
127.0.0.1 - - [22/Sep/2015:12:39:04 -0400] "GET / HTTP/1.1" 404 962
0:0:0:0:0:0:0:1 - - [22/Sep/2015:12:39:09 -0400] "GET /GestionnaireDeLivre/CreationCompteEtudiant HTTP/1.1" 404 1020
0:0:0:0:0:0:0:1 - - [22/Sep/2015:12:39:13 -0400] "GET /GestionnaireDeLivre/AccueilC HTTP/1.1" 200 450
0:0:0:0:0:0:0:1 - - [22/Sep/2015:12:39:15 -0400] "GET /GestionnaireDeLivre/CreationCompteEtudiant HTTP/1.1" 404 1020
0:0:0:0:0:0:0:1 - - [22/Sep/2015:12:39:16 -0400] "GET /GestionnaireDeLivre/CreationCompteEtudiant HTTP/1.1" 404 1020
127.0.0.1 - - [22/Sep/2015:12:39:30 -0400] "GET / HTTP/1.1" 404 962
0:0:0:0:0:0:0:1 - - [22/Sep/2015:12:39:32 -0400] "GET /GestionnaireDeLivre/CreationCompteEtudiant HTTP/1.1" 200 5501
0:0:0:0:0:0:0:1 - - [22/Sep/2015:12:39:32 -0400] "GET /GestionnaireDeLivre/css/animate-custom.css HTTP/1.1" 304 -
0:0:0:0:0:0:0:1 - - [22/Sep/2015:12:39:32 -0400] "GET /GestionnaireDeLivre/css/style.css HTTP/1.1" 304 -
0:0:0:0:0:0:0:1 - - [22/Sep/2015:12:39:32 -0400] "GET /GestionnaireDeLivre/css/demo.css HTTP/1.1" 304 -
0:0:0:0:0:0:0:1 - - [22/Sep/2015:12:43:28 -0400] "GET /GestionnaireDeLivre/CreationCompteEtudiant HTTP/1.1" 200 5501
0:0:0:0:0:0:0:1 - - [22/Sep/2015:12:43:28 -0400] "GET /GestionnaireDeLivre/css/demo.css HTTP/1.1" 304 -
0:0:0:0:0:0:0:1 - - [22/Sep/2015:12:43:28 -0400] "GET /GestionnaireDeLivre/css/style.css HTTP/1.1" 304 -
0:0:0:0:0:0:0:1 - - [22/Sep/2015:12:43:28 -0400] "GET /GestionnaireDeLivre/css/animate-custom.css HTTP/1.1" 304 -
127.0.0.1 - - [22/Sep/2015:12:45:28 -0400] "GET / HTTP/1.1" 404 962
0:0:0:0:0:0:0:1 - - [22/Sep/2015:12:45:34 -0400] "GET /GestionnaireDeLivre/CreationCompteEtudiant HTTP/1.1" 404 1018
127.0.0.1 - - [22/Sep/2015:12:45:47 -0400] "GET / HTTP/1.1" 404 962
0:0:0:0:0:0:0:1 - - [22/Sep/2015:12:45:56 -0400] "GET /GestionnaireDeLivre/CreationCompteEtudiant HTTP/1.1" 404 1034
127.0.0.1 - - [22/Sep/2015:12:46:27 -0400] "GET / HTTP/1.1" 404 962
0:0:0:0:0:0:0:1 - - [22/Sep/2015:12:46:31 -0400] "GET /GestionnaireDeLivre/CreationCompteEtudiant HTTP/1.1" 200 5489
0:0:0:0:0:0:0:1 - - [22/Sep/2015:12:46:31 -0400] "GET /GestionnaireDeLivre/css/demo.css HTTP/1.1" 304 -
0:0:0:0:0:0:0:1 - - [22/Sep/2015:12:46:31 -0400] "GET /GestionnaireDeLivre/css/style.css HTTP/1.1" 304 -
0:0:0:0:0:0:0:1 - - [22/Sep/2015:12:46:31 -0400] "GET /GestionnaireDeLivre/css/animate-custom.css HTTP/1.1" 304 -
127.0.0.1 - - [22/Sep/2015:12:51:20 -0400] "GET / HTTP/1.1" 404 962
0:0:0:0:0:0:0:1 - - [22/Sep/2015:12:51:29 -0400] "GET /GestionnaireDeLivre/Login HTTP/1.1" 200 3493
0:0:0:0:0:0:0:1 - - [22/Sep/2015:12:51:30 -0400] "GET /GestionnaireDeLivre/css/style.css HTTP/1.1" 304 -
0:0:0:0:0:0:0:1 - - [22/Sep/2015:12:51:30 -0400] "GET /GestionnaireDeLivre/css/demo.css HTTP/1.1" 304 -
0:0:0:0:0:0:0:1 - - [22/Sep/2015:12:51:30 -0400] "GET /GestionnaireDeLivre/css/animate-custom.css HTTP/1.1" 304 -
0:0:0:0:0:0:0:1 - - [22/Sep/2015:12:51:42 -0400] "GET /GestionnaireDeLivre/Login HTTP/1.1" 200 3493
127.0.0.1 - - [22/Sep/2015:12:53:07 -0400] "GET / HTTP/1.1" 404 962
127.0.0.1 - - [22/Sep/2015:12:53:13 -0400] "GET / HTTP/1.1" 404 962
0:0:0:0:0:0:0:1 - - [22/Sep/2015:12:53:24 -0400] "GET /GestionnaireDeLivre/CreationCompteEtudiant HTTP/1.1" 200 3879
0:0:0:0:0:0:0:1 - - [22/Sep/2015:12:53:24 -0400] "GET /GestionnaireDeLivre/css/animate-custom.css HTTP/1.1" 304 -
0:0:0:0:0:0:0:1 - - [22/Sep/2015:12:53:24 -0400] "GET /GestionnaireDeLivre/css/style.css HTTP/1.1" 304 -
0:0:0:0:0:0:0:1 - - [22/Sep/2015:12:53:24 -0400] "GET /GestionnaireDeLivre/css/demo.css HTTP/1.1" 304 -
0:0:0:0:0:0:0:1 - - [22/Sep/2015:12:53:26 -0400] "GET /GestionnaireDeLivre/CreationCompteEtudiant HTTP/1.1" 200 3879
0:0:0:0:0:0:0:1 - - [22/Sep/2015:12:53:27 -0400] "GET /GestionnaireDeLivre/css/demo.css HTTP/1.1" 304 -
0:0:0:0:0:0:0:1 - - [22/Sep/2015:12:53:27 -0400] "GET /GestionnaireDeLivre/css/style.css HTTP/1.1" 304 -
0:0:0:0:0:0:0:1 - - [22/Sep/2015:12:53:27 -0400] "GET /GestionnaireDeLivre/css/animate-custom.css HTTP/1.1" 304 -
0:0:0:0:0:0:0:1 - - [22/Sep/2015:12:53:30 -0400] "GET /GestionnaireDeLivre/CreationCompteEtudiant HTTP/1.1" 200 3879
127.0.0.1 - - [22/Sep/2015:12:55:48 -0400] "GET / HTTP/1.1" 404 962
0:0:0:0:0:0:0:1 - - [22/Sep/2015:12:56:38 -0400] "GET /GestionnaireDeLivre/CreationCompteEtudiant HTTP/1.1" 200 3818
0:0:0:0:0:0:0:1 - - [22/Sep/2015:12:56:38 -0400] "GET /GestionnaireDeLivre/css/animate-custom.css HTTP/1.1" 304 -
0:0:0:0:0:0:0:1 - - [22/Sep/2015:12:56:38 -0400] "GET /GestionnaireDeLivre/css/style.css HTTP/1.1" 304 -
0:0:0:0:0:0:0:1 - - [22/Sep/2015:12:56:38 -0400] "GET /GestionnaireDeLivre/css/demo.css HTTP/1.1" 304 -
0:0:0:0:0:0:0:1 - - [22/Sep/2015:12:56:42 -0400] "GET /GestionnaireDeLivre/CreationCompteEtudiant HTTP/1.1" 200 3818
127.0.0.1 - - [22/Sep/2015:12:57:38 -0400] "GET / HTTP/1.1" 404 962
0:0:0:0:0:0:0:1 - - [22/Sep/2015:12:57:45 -0400] "GET /GestionnaireDeLivre/CreationCompteEtudiant HTTP/1.1" 200 3878
0:0:0:0:0:0:0:1 - - [22/Sep/2015:12:57:45 -0400] "GET /GestionnaireDeLivre/css/demo.css HTTP/1.1" 304 -
0:0:0:0:0:0:0:1 - - [22/Sep/2015:12:57:45 -0400] "GET /GestionnaireDeLivre/css/style.css HTTP/1.1" 304 -
0:0:0:0:0:0:0:1 - - [22/Sep/2015:12:57:45 -0400] "GET /GestionnaireDeLivre/css/animate-custom.css HTTP/1.1" 304 -
127.0.0.1 - - [22/Sep/2015:13:01:53 -0400] "GET / HTTP/1.1" 404 962
0:0:0:0:0:0:0:1 - - [22/Sep/2015:13:02:11 -0400] "GET /GestionnaireDeLivre/Accueil HTTP/1.1" 404 1016
0:0:0:0:0:0:0:1 - - [22/Sep/2015:13:02:13 -0400] "GET /GestionnaireDeLivre/Accueil HTTP/1.1" 404 1016
127.0.0.1 - - [22/Sep/2015:13:02:23 -0400] "GET / HTTP/1.1" 404 962
0:0:0:0:0:0:0:1 - - [22/Sep/2015:13:02:26 -0400] "GET /GestionnaireDeLivre/Accueil HTTP/1.1" 404 1016
0:0:0:0:0:0:0:1 - - [22/Sep/2015:13:02:28 -0400] "GET /GestionnaireDeLivre/Accueil HTTP/1.1" 404 1016
0:0:0:0:0:0:0:1 - - [22/Sep/2015:13:02:28 -0400] "GET /GestionnaireDeLivre/Accueil HTTP/1.1" 404 1016
0:0:0:0:0:0:0:1 - - [22/Sep/2015:13:02:29 -0400] "GET /GestionnaireDeLivre/Accueil HTTP/1.1" 404 1016
0:0:0:0:0:0:0:1 - - [22/Sep/2015:13:02:29 -0400] "GET /GestionnaireDeLivre/Accueil HTTP/1.1" 404 1016
127.0.0.1 - - [22/Sep/2015:13:02:49 -0400] "GET / HTTP/1.1" 404 962
0:0:0:0:0:0:0:1 - - [22/Sep/2015:13:02:52 -0400] "GET /GestionnaireDeLivre/Accueil HTTP/1.1" 200 450
0:0:0:0:0:0:0:1 - - [22/Sep/2015:13:02:54 -0400] "GET /GestionnaireDeLivre/CreationCompteEtudiant HTTP/1.1" 200 3897
0:0:0:0:0:0:0:1 - - [22/Sep/2015:13:02:54 -0400] "GET /GestionnaireDeLivre/css/style.css HTTP/1.1" 304 -
0:0:0:0:0:0:0:1 - - [22/Sep/2015:13:02:54 -0400] "GET /GestionnaireDeLivre/css/animate-custom.css HTTP/1.1" 304 -
0:0:0:0:0:0:0:1 - - [22/Sep/2015:13:02:54 -0400] "GET /GestionnaireDeLivre/css/demo.css HTTP/1.1" 304 -
0:0:0:0:0:0:0:1 - - [22/Sep/2015:13:02:58 -0400] "GET /GestionnaireDeLivre/Login HTTP/1.1" 200 3531
0:0:0:0:0:0:0:1 - - [22/Sep/2015:13:03:01 -0400] "GET /GestionnaireDeLivre/CreationCompteEtudiant HTTP/1.1" 200 3897
0:0:0:0:0:0:0:1 - - [22/Sep/2015:13:03:02 -0400] "GET /GestionnaireDeLivre/Login HTTP/1.1" 200 3531
0:0:0:0:0:0:0:1 - - [22/Sep/2015:13:10:12 -0400] "GET /GestionnaireDeLivre/CreationCompteGestionnaire HTTP/1.1" 200 4251
0:0:0:0:0:0:0:1 - - [22/Sep/2015:13:10:12 -0400] "GET /GestionnaireDeLivre/css/demo.css HTTP/1.1" 304 -
0:0:0:0:0:0:0:1 - - [22/Sep/2015:13:10:12 -0400] "GET /GestionnaireDeLivre/css/style.css HTTP/1.1" 304 -
0:0:0:0:0:0:0:1 - - [22/Sep/2015:13:10:12 -0400] "GET /GestionnaireDeLivre/css/animate-custom.css HTTP/1.1" 304 -
127.0.0.1 - - [22/Sep/2015:13:11:43 -0400] "GET / HTTP/1.1" 404 962
127.0.0.1 - - [22/Sep/2015:13:11:48 -0400] "GET / HTTP/1.1" 404 962
0:0:0:0:0:0:0:1 - - [22/Sep/2015:13:12:09 -0400] "GET /GestionnaireDeLivre/CreationCompteGestionnaire HTTP/1.1" 200 4248
