127.0.0.1 - - [22/Sep/2015:09:52:33 -0400] "GET / HTTP/1.1" 404 962
0:0:0:0:0:0:0:1 - - [22/Sep/2015:09:53:23 -0400] "GET /test/test.html HTTP/1.1" 200 185
0:0:0:0:0:0:0:1 - - [22/Sep/2015:09:53:24 -0400] "GET /favicon.ico HTTP/1.1" 404 984
0:0:0:0:0:0:0:1 - - [22/Sep/2015:09:54:43 -0400] "GET / HTTP/1.1" 404 962
0:0:0:0:0:0:0:1 - - [22/Sep/2015:09:54:48 -0400] "GET /test/toto HTTP/1.1" 200 288
0:0:0:0:0:0:0:1 - - [22/Sep/2015:09:55:10 -0400] "GET /test/toto?auteur=%E2%99%A5 HTTP/1.1" 200 290
127.0.0.1 - - [22/Sep/2015:09:59:41 -0400] "GET / HTTP/1.1" 404 962
127.0.0.1 - - [22/Sep/2015:09:59:53 -0400] "GET / HTTP/1.1" 404 962
0:0:0:0:0:0:0:1 - - [22/Sep/2015:09:59:59 -0400] "GET /test/toto?auteur=%E2%99%A5 HTTP/1.1" 500 3391
0:0:0:0:0:0:0:1 - - [22/Sep/2015:10:00:05 -0400] "GET /test/toto HTTP/1.1" 404 960
127.0.0.1 - - [22/Sep/2015:10:01:38 -0400] "GET / HTTP/1.1" 404 962
127.0.0.1 - - [22/Sep/2015:10:02:22 -0400] "GET / HTTP/1.1" 404 962
0:0:0:0:0:0:0:1 - - [22/Sep/2015:10:02:25 -0400] "GET /test/toto HTTP/1.1" 404 980
0:0:0:0:0:0:0:1 - - [22/Sep/2015:10:02:31 -0400] "GET /test/Accueil HTTP/1.1" 500 3391
127.0.0.1 - - [22/Sep/2015:10:03:04 -0400] "GET / HTTP/1.1" 404 962
0:0:0:0:0:0:0:1 - - [22/Sep/2015:10:03:07 -0400] "GET /test/Accueil HTTP/1.1" 200 288
127.0.0.1 - - [22/Sep/2015:10:05:42 -0400] "GET / HTTP/1.1" 404 962
0:0:0:0:0:0:0:1 - - [22/Sep/2015:10:05:44 -0400] "GET /test/Accueil HTTP/1.1" 200 288
0:0:0:0:0:0:0:1 - - [22/Sep/2015:10:05:46 -0400] "GET /test/Accueil HTTP/1.1" 200 288
0:0:0:0:0:0:0:1 - - [22/Sep/2015:10:05:47 -0400] "GET /test/Accueil HTTP/1.1" 200 288
0:0:0:0:0:0:0:1 - - [22/Sep/2015:10:05:48 -0400] "GET /test/Accueil HTTP/1.1" 200 288
0:0:0:0:0:0:0:1 - - [22/Sep/2015:10:05:48 -0400] "GET /test/Accueil HTTP/1.1" 200 288
0:0:0:0:0:0:0:1 - - [22/Sep/2015:10:05:48 -0400] "GET /test/Accueil HTTP/1.1" 200 288
0:0:0:0:0:0:0:1 - - [22/Sep/2015:10:05:49 -0400] "GET /test/Accueil HTTP/1.1" 200 288
0:0:0:0:0:0:0:1 - - [22/Sep/2015:10:05:49 -0400] "GET /test/Accueil HTTP/1.1" 200 288
0:0:0:0:0:0:0:1 - - [22/Sep/2015:10:05:49 -0400] "GET /test/Accueil HTTP/1.1" 200 288
0:0:0:0:0:0:0:1 - - [22/Sep/2015:10:05:50 -0400] "GET /test/Accueil HTTP/1.1" 200 288
0:0:0:0:0:0:0:1 - - [22/Sep/2015:10:05:51 -0400] "GET /test/Accueil HTTP/1.1" 200 288
127.0.0.1 - - [22/Sep/2015:10:06:01 -0400] "GET / HTTP/1.1" 404 962
0:0:0:0:0:0:0:1 - - [22/Sep/2015:10:06:04 -0400] "GET /test/Accueil HTTP/1.1" 200 249
127.0.0.1 - - [22/Sep/2015:10:10:26 -0400] "GET / HTTP/1.1" 404 962
0:0:0:0:0:0:0:1 - - [22/Sep/2015:10:10:33 -0400] "GET /test/Accueil HTTP/1.1" 404 986
0:0:0:0:0:0:0:1 - - [22/Sep/2015:10:10:35 -0400] "GET /test/Accueil HTTP/1.1" 404 986
0:0:0:0:0:0:0:1 - - [22/Sep/2015:10:10:37 -0400] "GET /test/Accueil HTTP/1.1" 404 986
0:0:0:0:0:0:0:1 - - [22/Sep/2015:10:10:48 -0400] "GET /test/Accueil HTTP/1.1" 404 986
0:0:0:0:0:0:0:1 - - [22/Sep/2015:10:10:50 -0400] "GET /test/Accueil HTTP/1.1" 404 986
0:0:0:0:0:0:0:1 - - [22/Sep/2015:10:11:01 -0400] "GET /Accueil HTTP/1.1" 404 976
0:0:0:0:0:0:0:1 - - [22/Sep/2015:10:11:45 -0400] "GET /GestionnaireDeLivre/Accueil HTTP/1.1" 200 252
127.0.0.1 - - [22/Sep/2015:10:40:32 -0400] "GET / HTTP/1.1" 404 962
0:0:0:0:0:0:0:1 - - [22/Sep/2015:10:40:51 -0400] "GET /GestionnaireDeLivre/Accueil HTTP/1.1" 404 1016
0:0:0:0:0:0:0:1 - - [22/Sep/2015:10:40:58 -0400] "GET /Accueil HTTP/1.1" 404 976
127.0.0.1 - - [22/Sep/2015:10:41:47 -0400] "GET / HTTP/1.1" 404 962
0:0:0:0:0:0:0:1 - - [22/Sep/2015:10:41:51 -0400] "GET /GestionnaireDeLivre/Accueil HTTP/1.1" 500 252
0:0:0:0:0:0:0:1 - - [22/Sep/2015:10:41:58 -0400] "GET /GestionnaireDeLivre/AccueilC HTTP/1.1" 200 31
127.0.0.1 - - [22/Sep/2015:10:42:37 -0400] "GET / HTTP/1.1" 404 962
0:0:0:0:0:0:0:1 - - [22/Sep/2015:10:42:40 -0400] "GET /GestionnaireDeLivre/AccueilC HTTP/1.1" 200 31
127.0.0.1 - - [22/Sep/2015:10:53:20 -0400] "GET / HTTP/1.1" 404 962
0:0:0:0:0:0:0:1 - - [22/Sep/2015:10:53:26 -0400] "GET /GestionnaireDeLivre/AccueilC HTTP/1.1" 200 31
0:0:0:0:0:0:0:1 - - [22/Sep/2015:10:53:30 -0400] "GET /GestionnaireDeLivre/AccueilC HTTP/1.1" 200 31
0:0:0:0:0:0:0:1 - - [22/Sep/2015:10:53:40 -0400] "GET /GestionnaireDeLivre/AccueilC HTTP/1.1" 200 31
127.0.0.1 - - [22/Sep/2015:10:54:04 -0400] "GET / HTTP/1.1" 404 962
0:0:0:0:0:0:0:1 - - [22/Sep/2015:10:54:06 -0400] "GET /GestionnaireDeLivre/AccueilC HTTP/1.1" 200 31
0:0:0:0:0:0:0:1 - - [22/Sep/2015:10:54:07 -0400] "GET /GestionnaireDeLivre/AccueilC HTTP/1.1" 200 31
0:0:0:0:0:0:0:1 - - [22/Sep/2015:10:54:07 -0400] "GET /GestionnaireDeLivre/AccueilC HTTP/1.1" 200 31
0:0:0:0:0:0:0:1 - - [22/Sep/2015:10:54:07 -0400] "GET /GestionnaireDeLivre/AccueilC HTTP/1.1" 200 31
127.0.0.1 - - [22/Sep/2015:10:54:49 -0400] "GET / HTTP/1.1" 404 962
0:0:0:0:0:0:0:1 - - [22/Sep/2015:10:54:52 -0400] "GET /GestionnaireDeLivre/AccueilC HTTP/1.1" 200 31
0:0:0:0:0:0:0:1 - - [22/Sep/2015:10:54:53 -0400] "GET /GestionnaireDeLivre/AccueilC HTTP/1.1" 200 31
0:0:0:0:0:0:0:1 - - [22/Sep/2015:10:54:54 -0400] "GET /GestionnaireDeLivre/AccueilC HTTP/1.1" 200 31
0:0:0:0:0:0:0:1 - - [22/Sep/2015:10:54:58 -0400] "GET /GestionnaireDeLivre/AccueilC HTTP/1.1" 200 31
0:0:0:0:0:0:0:1 - - [22/Sep/2015:10:54:58 -0400] "GET /GestionnaireDeLivre/AccueilC HTTP/1.1" 200 31
0:0:0:0:0:0:0:1 - - [22/Sep/2015:10:54:59 -0400] "GET /GestionnaireDeLivre/AccueilC HTTP/1.1" 200 31
127.0.0.1 - - [22/Sep/2015:10:56:54 -0400] "GET / HTTP/1.1" 404 962
0:0:0:0:0:0:0:1 - - [22/Sep/2015:10:56:58 -0400] "GET /GestionnaireDeLivre/AccueilC HTTP/1.1" 200 346
127.0.0.1 - - [22/Sep/2015:10:57:47 -0400] "GET / HTTP/1.1" 404 962
0:0:0:0:0:0:0:1 - - [22/Sep/2015:10:57:51 -0400] "GET /GestionnaireDeLivre/AccueilC HTTP/1.1" 200 347
127.0.0.1 - - [22/Sep/2015:10:58:32 -0400] "GET / HTTP/1.1" 404 962
127.0.0.1 - - [22/Sep/2015:10:59:24 -0400] "GET / HTTP/1.1" 404 962
127.0.0.1 - - [22/Sep/2015:11:00:03 -0400] "GET / HTTP/1.1" 404 962
0:0:0:0:0:0:0:1 - - [22/Sep/2015:11:00:06 -0400] "GET /GestionnaireDeLivre/AccueilC HTTP/1.1" 200 313
0:0:0:0:0:0:0:1 - - [22/Sep/2015:11:00:08 -0400] "GET /CreationCompteEtudiant HTTP/1.1" 404 1006
127.0.0.1 - - [22/Sep/2015:11:01:03 -0400] "GET / HTTP/1.1" 404 962
0:0:0:0:0:0:0:1 - - [22/Sep/2015:11:01:12 -0400] "GET /CreationCompteEtudiant HTTP/1.1" 404 1006
0:0:0:0:0:0:0:1 - - [22/Sep/2015:11:01:34 -0400] "GET /GestionnaireDeLivre/AccueilC HTTP/1.1" 200 333
0:0:0:0:0:0:0:1 - - [22/Sep/2015:11:01:36 -0400] "GET /GestionnaireDeLivre/CreationCompteEtudiant HTTP/1.1" 200 31
127.0.0.1 - - [22/Sep/2015:11:08:33 -0400] "GET / HTTP/1.1" 404 962
0:0:0:0:0:0:0:1 - - [22/Sep/2015:11:08:39 -0400] "GET /GestionnaireDeLivre/CreationCompteEtudiant HTTP/1.1" 200 273
127.0.0.1 - - [22/Sep/2015:11:09:33 -0400] "GET / HTTP/1.1" 404 962
0:0:0:0:0:0:0:1 - - [22/Sep/2015:11:09:40 -0400] "GET /GestionnaireDeLivre/AccueilC HTTP/1.1" 200 424
0:0:0:0:0:0:0:1 - - [22/Sep/2015:11:09:42 -0400] "GET /GestionnaireDeLivre/CreationCompteGestionnaire HTTP/1.1" 200 277
0:0:0:0:0:0:0:1 - - [22/Sep/2015:11:09:44 -0400] "GET /GestionnaireDeLivre/CreationCompteEtudiant HTTP/1.1" 200 273
127.0.0.1 - - [22/Sep/2015:11:11:28 -0400] "GET / HTTP/1.1" 404 962
0:0:0:0:0:0:0:1 - - [22/Sep/2015:11:11:36 -0400] "GET /GestionnaireDeLivre/AccueilC HTTP/1.1" 200 327
0:0:0:0:0:0:0:1 - - [22/Sep/2015:11:12:31 -0400] "GET /GestionnaireDeLivre/AccueilC HTTP/1.1" 200 327
127.0.0.1 - - [22/Sep/2015:11:14:33 -0400] "GET / HTTP/1.1" 404 962
0:0:0:0:0:0:0:1 - - [22/Sep/2015:11:14:37 -0400] "GET /GestionnaireDeLivre/AccueilC HTTP/1.1" 500 3564
127.0.0.1 - - [22/Sep/2015:11:16:05 -0400] "GET / HTTP/1.1" 404 962
0:0:0:0:0:0:0:1 - - [22/Sep/2015:11:16:09 -0400] "GET /GestionnaireDeLivre/AccueilC HTTP/1.1" 200 550
127.0.0.1 - - [22/Sep/2015:11:17:20 -0400] "GET / HTTP/1.1" 404 962
0:0:0:0:0:0:0:1 - - [22/Sep/2015:11:17:24 -0400] "GET /GestionnaireDeLivre/AccueilC HTTP/1.1" 200 450
